MemTotal:        2025916 kB
MemFree:          150248 kB
MemAvailable:     945772 kB
Buffers:            6760 kB
Cached:           911452 kB
SwapCached:        11768 kB
Active:           787228 kB
Inactive:         647252 kB
Active(anon):     332752 kB
Inactive(anon):   203640 kB
Active(file):     454476 kB
Inactive(file):   443612 kB
Unevictable:       10108 kB
Mlocked:           10108 kB
SwapTotal:       1519432 kB
SwapFree:        1167008 kB
Dirty:              6924 kB
Writeback:            56 kB
AnonPages:        521292 kB
Mapped:           601560 kB
Shmem:             13272 kB
KReclaimable:      57748 kB
Slab:             169416 kB
SReclaimable:      57748 kB
SUnreclaim:       111668 kB
KernelStack:       28560 kB
ShadowCallStack:    7132 kB
PageTables:        63616 kB
SecPageTables:         0 kB
NFS_Unstable:          0 kB
Bounce:                0 kB
WritebackTmp:          0 kB
CommitLimit:     2532388 kB
Committed_AS:   47942264 kB
VmallocTotal:   259653632 kB
VmallocUsed:       55620 kB
VmallocChunk:          0 kB
Percpu:             4288 kB
AnonHugePages:         0 kB
ShmemHugePages:        0 kB
ShmemPmdMapped:        0 kB
FileHugePages:         0 kB
FilePmdMapped:         0 kB
CmaTotal:          16384 kB
CmaFree:             348 kB

